
2019-03-29 17:42:35 You have an error in your SQL syntax; check the manual that corresponds to your MySQL server version for the right syntax to use near 'FROM blabax_online WHERE id=235 OR 1553877755-timestamp>' at line 1
2019-03-29 17:42:40 You have an error in your SQL syntax; check the manual that corresponds to your MySQL server version for the right syntax to use near 'FROM blabax_online WHERE id=235 OR 1553877760-timestamp>' at line 1
2019-03-29 17:42:45 You have an error in your SQL syntax; check the manual that corresponds to your MySQL server version for the right syntax to use near 'FROM blabax_online WHERE id=235 OR 1553877765-timestamp>' at line 1
2019-03-29 17:42:50 You have an error in your SQL syntax; check the manual that corresponds to your MySQL server version for the right syntax to use near 'FROM blabax_online WHERE id=235 OR 1553877770-timestamp>' at line 1
2019-03-29 17:42:55 You have an error in your SQL syntax; check the manual that corresponds to your MySQL server version for the right syntax to use near 'FROM blabax_online WHERE id=235 OR 1553877775-timestamp>' at line 1
2019-03-29 17:43:00 You have an error in your SQL syntax; check the manual that corresponds to your MySQL server version for the right syntax to use near 'FROM blabax_online WHERE id=235 OR 1553877780-timestamp>' at line 1
2019-03-29 17:43:05 You have an error in your SQL syntax; check the manual that corresponds to your MySQL server version for the right syntax to use near 'FROM blabax_online WHERE id=235 OR 1553877785-timestamp>' at line 1
2019-03-29 17:43:10 You have an error in your SQL syntax; check the manual that corresponds to your MySQL server version for the right syntax to use near 'FROM blabax_online WHERE id=235 OR 1553877790-timestamp>' at line 1
2019-03-29 17:43:15 You have an error in your SQL syntax; check the manual that corresponds to your MySQL server version for the right syntax to use near 'FROM blabax_online WHERE id=235 OR 1553877795-timestamp>' at line 1
2019-03-29 17:43:19 You have an error in your SQL syntax; check the manual that corresponds to your MySQL server version for the right syntax to use near 'FROM blabax_online WHERE id=235 OR 1553877799-timestamp>' at line 1
2019-03-29 17:43:20 You have an error in your SQL syntax; check the manual that corresponds to your MySQL server version for the right syntax to use near 'FROM blabax_online WHERE id=235 OR 1553877800-timestamp>' at line 1
2019-03-29 17:43:25 You have an error in your SQL syntax; check the manual that corresponds to your MySQL server version for the right syntax to use near 'FROM blabax_online WHERE id=235 OR 1553877805-timestamp>' at line 1
2019-03-29 17:43:29 You have an error in your SQL syntax; check the manual that corresponds to your MySQL server version for the right syntax to use near 'FROM blabax_online WHERE id=235 OR 1553877809-timestamp>' at line 1
2019-03-29 17:43:31 You have an error in your SQL syntax; check the manual that corresponds to your MySQL server version for the right syntax to use near 'FROM blabax_online WHERE id=235 OR 1553877811-timestamp>' at line 1
2019-03-29 17:43:36 You have an error in your SQL syntax; check the manual that corresponds to your MySQL server version for the right syntax to use near 'FROM blabax_online WHERE id=235 OR 1553877816-timestamp>' at line 1
2019-03-29 17:43:37 You have an error in your SQL syntax; check the manual that corresponds to your MySQL server version for the right syntax to use near 'FROM blabax_online WHERE id=235 OR 1553877817-timestamp>' at line 1
2019-03-29 17:43:54 You have an error in your SQL syntax; check the manual that corresponds to your MySQL server version for the right syntax to use near 'FROM blabax_online WHERE id=235 OR 1553877834-timestamp>' at line 1
2019-03-29 17:43:54 You have an error in your SQL syntax; check the manual that corresponds to your MySQL server version for the right syntax to use near 'FROM blabax_online WHERE id=235 OR 1553877834-timestamp>' at line 1
2019-03-29 17:43:59 You have an error in your SQL syntax; check the manual that corresponds to your MySQL server version for the right syntax to use near 'FROM blabax_online WHERE id=235 OR 1553877839-timestamp>' at line 1
2019-03-29 17:44:04 You have an error in your SQL syntax; check the manual that corresponds to your MySQL server version for the right syntax to use near 'FROM blabax_online WHERE id=235 OR 1553877844-timestamp>' at line 1
2019-03-29 17:44:09 You have an error in your SQL syntax; check the manual that corresponds to your MySQL server version for the right syntax to use near 'FROM blabax_online WHERE id=235 OR 1553877849-timestamp>' at line 1
2019-03-29 17:47:38 
2019-03-29 17:47:41 
2019-03-29 17:47:46 
2019-03-29 17:47:51 
2019-03-29 17:47:56 
2019-03-29 17:48:01 
2019-03-29 17:48:06 
2019-03-29 17:48:11 
2019-03-29 17:48:16 
2019-03-29 17:48:21 
2019-03-29 17:48:26 
2019-03-29 17:48:31 
2019-03-29 17:48:36 
2019-03-29 17:48:41 